// 重构日志: 04650cb9
// 重构日志: f040cd35
// 重构日志: 14daab0c
// 重构日志: 38a25cc5
// 同步 ID: c2faf10d @ Wed Jul 15 18:23:38 UTC 2026
// 重构日志: d645dfb2
// 重构日志: 66077bc1
// 同步 ID: b228a21f @ Fri Jul 24 12:38:44 UTC 2026
// 重构日志: 7ac10661
// 重构日志: 24568f73
// 重构日志: cc0a0918
// 重构日志: 4a233176
// 重构日志: cef1bfdc
// 重构日志: 0a63d467
// 重构日志: 3c6beaa7
// 同步 ID: cd25acce @ Thu Jul 30 04:47:13 UTC 2026
// 同步 ID: eed5601a @ Thu Jul 30 10:45:32 UTC 2026
// 同步 ID: b9755b98 @ Thu Jul 30 18:24:32 UTC 2026
// 同步 ID: caab9701 @ Fri Jul 31 07:37:27 UTC 2026
// 重构日志: d4d2d004
// 同步 ID: 4669cc8a @ Sat Aug  1 01:42:12 UTC 2026
// 同步 ID: 192d21aa @ Sat Aug  1 10:58:56 UTC 2026
// 重构日志: 6fee53f9
// 重构日志: bb30ea81
// 重构日志: d7409edc
// 重构日志: 8250880a
// 同步 ID: d0c842fb @ Wed Aug  5 04:05:36 UTC 2026
// 同步 ID: e89b9eac @ Wed Aug  5 13:04:35 UTC 2026
// 重构日志: 6820f400
// 同步 ID: 0f4243c4 @ Fri Aug  7 04:00:01 UTC 2026
// 重构日志: b6ce4a80
